   1              	# 1 "../pract1b.asm"
   1              	/*-----------------------------------------------------------------
   0              	
   0              	
   0              	
   2              	**
   3              	**  File:
   4              	**    pract1b.asm  4/02/2016
   5              	**
   6              	**    Introduction to Computers
   7              	**    Dpto. de Arquitectura de Computadores y Automática
   8              	**    Facultad de Informática. Universidad Complutense de Madrid
   9              	**
  10              	**  Goal:
  11              	**    Divide 2 numbers by means of itereative subtractions
  12              	**
  13              	**  Design notes: C = A/B (integer division)
  14              	**
  15              	**---------------------------------------------------------------*/
  16              	
  17              	.global start
  18              	
  19              	.data
  20 0000 56000000 	A: 		.word 86
  21 0004 08000000 	B: 		.word 8
  22              	
  23              	.bss
  24 0000 00000000 	C:		.space 4
  25              	
  26              	.text
  27              	start:
  28 0000 2C009FE5 			ldr 	r0, =A
  29 0004 001090E5 			ldr 	r1,[r0]			@Loads the value of A into r1
  30 0008 28009FE5 			ldr		r0, =B
  31 000c 002090E5 			ldr 	r2, [r0]		@Loads the value of B into r2
  32 0010 0030A0E3 			mov 	r3, #0			@r3 = 0
  33 0014 020051E1 	loop:	cmp 	r1, r2
  34 0018 020000BA 			blt		exit
  35 001c 021041E0 			sub 	r1, r1, r2
  36 0020 013083E2 			add 	r3, r3, #1
  37 0024 FAFFFFEA 			b 		loop
  38 0028 0C009FE5 	exit:	ldr 	r0, =C			@Loads the address of C into r0
  39 002c 003080E5 			str 	r3, [r0]
  40 0030 FEFFFFEA 			b		.
  41 0034 00000000 			.end
  41      04000000 
  41      00000000 
DEFINED SYMBOLS
      ../pract1b.asm:27     .text:00000000 start
      ../pract1b.asm:20     .data:00000000 A
      ../pract1b.asm:21     .data:00000004 B
      ../pract1b.asm:24     .bss:00000000 C
      ../pract1b.asm:24     .bss:00000000 $d
      ../pract1b.asm:28     .text:00000000 $a
      ../pract1b.asm:33     .text:00000014 loop
      ../pract1b.asm:38     .text:00000028 exit
      ../pract1b.asm:41     .text:00000034 $d
                   .debug_aranges:0000000c $d

NO UNDEFINED SYMBOLS
